Coverage Report Summary Data by file

=================================================================================
=== File: ksa.sv
=================================================================================
    Enabled Coverage            Active      Hits    Misses % Covered
    ----------------            ------      ----    ------ ---------
    Stmts                           93        87         6     93.54
    Branches                        35        34         1     97.14
    Toggle Bins                    152       146         6     96.05

=================================================================================
=== File: tb_rtl_ksa.sv
=================================================================================
    Enabled Coverage            Active      Hits    Misses % Covered
    ----------------            ------      ----    ------ ---------
    Stmts                           48        41         7     85.41
    Branches                        10         6         4     60.00
    Toggle Bins                    316        57       259     18.03


Total Coverage By File (code coverage only, filtered view): 74.34%

