Coverage Report Summary Data by file

=================================================================================
=== File: ../memories/s_mem.v
=================================================================================
    Enabled Coverage            Active      Hits    Misses % Covered
    ----------------            ------      ----    ------ ---------
    Toggle Bins                     68        68         0    100.00

=================================================================================
=== File: init.sv
=================================================================================
    Enabled Coverage            Active      Hits    Misses % Covered
    ----------------            ------      ----    ------ ---------
    Stmts                           41        37         4     90.24
    Branches                        19        18         1     94.73
    Toggle Bins                     70        70         0    100.00

=================================================================================
=== File: ksa.sv
=================================================================================
    Enabled Coverage            Active      Hits    Misses % Covered
    ----------------            ------      ----    ------ ---------
    Stmts                           93        20        73     21.50
    Branches                        35        10        25     28.57
    Toggle Bins                    152         0       152      0.00

=================================================================================
=== File: task2.sv
=================================================================================
    Enabled Coverage            Active      Hits    Misses % Covered
    ----------------            ------      ----    ------ ---------
    Stmts                           26        26         0    100.00
    Branches                        23        20         3     86.95
    Toggle Bins                    156        68        88     43.58

=================================================================================
=== File: tb_rtl_task2.sv
=================================================================================
    Enabled Coverage            Active      Hits    Misses % Covered
    ----------------            ------      ----    ------ ---------
    Stmts                           18        17         1     94.44
    Branches                         4         2         2     50.00
    Toggle Bins                    209         3       206      1.43


Total Coverage By File (code coverage only, filtered view): 49.93%

